﻿[dotenv@17.3.1] injecting env (9) from .env -- tip: ≡ƒ¢í∩╕Å auth for agents: https://vestauth.com
Testing Embedding Model: gemini-embedding-001
Embedding Success: true
Testing Chat Model: gemini-1.5-flash
node : ERROR Test Failed: GoogleGenerativeAIFetchError: 
[GoogleGenerativeAI Error]: Error fetching from https://generative
language.googleapis.com/v1beta/models/gemini-1.5-flash:generateCon
tent: [404 Not Found] models/gemini-1.5-flash is not found for 
API version v1beta, or is not supported for generateContent. Call 
ListModels to see the list of available models and their 
supported methods.
At line:1 char:1
+ node test-gemini.js 2>&1 | Tee-Object -FilePath 
"test_output.txt"
+ ~~~~~~~~~~~~~~~~~~~~~~~~
    + CategoryInfo          : NotSpecified: (ERROR Test Fail...po 
   rted methods.:String) [], RemoteException
    + FullyQualifiedErrorId : NativeCommandError
 
    at handleResponseNotOk (C:\Users\smrod\Desktop\chatbot\node_mo
dules\@google\generative-ai\dist\index.js:434:11)
    at process.processTicksAndRejections 
(node:internal/process/task_queues:105:5)
    at async makeRequest (C:\Users\smrod\Desktop\chatbot\node_modu
les\@google\generative-ai\dist\index.js:403:9)
    at async generateContent (C:\Users\smrod\Desktop\chatbot\node_
modules\@google\generative-ai\dist\index.js:867:22)
    at async run 
(C:\Users\smrod\Desktop\chatbot\backend\test-gemini.js:15:28) {
  status: 404,
  statusText: 'Not Found',
  errorDetails: undefined
}
